// Jest Snapshot v1, https://goo.gl/fbAQLP

exports[`ListItems.vue Matchs Snapshot 1`] = `
<div>
  <div class="mb-4">
    <b-field label="search" label-position="inside" type="is-primary">
      <b-input type="text" data-cy="filter"></b-input>
    </b-field>
  </div>
  <div class="columns is-multiline is-mobile">
    <div class="column is-half">
      <show-item-stub item="[object Object]"></show-item-stub>
    </div>
    <div class="column is-half">
      <show-item-stub item="[object Object]"></show-item-stub>
    </div>
  </div>
</div>
`;
