// Jest Snapshot v1, https://goo.gl/fbAQLP

exports[`Home.vue Matchs Snapshot 1`] = `
<div class="home">
  <h1>Home</h1>
  <btn-stub label="add" onclick="function () { [native code] }" dataid="home__add-item-button-js"></btn-stub>
  <create-item-modal-stub></create-item-modal-stub>
  <list-items-stub></list-items-stub>
</div>
`;
